2
# Claire,Davis,cedavi23
# Ashten,Herr,agherr
* MI0,Coffee,Black Coffee,2.0
* MI1,Coffee,Americano,3.0
* MI2,Tea,Apple Tea,3.0
* MI3,Tea,Chai Tea,2.5
- 1,agherr,MI0,MI0,MI2
- 2,cedavi23,MI1,MI2
